// Vitest Snapshot v1, https://vitest.dev/guide/snapshot.html

exports[`templates > all templates match snapshot 1`] = `
[
  {
    "eventTypeTag": "MARR",
    "families": [
      {
        "members": [
          {
            "role": "husband",
            "slot": "husband",
          },
          {
            "role": "wife",
            "slot": "wife",
          },
        ],
        "type": "couple",
      },
      {
        "members": [
          {
            "role": "husband",
            "slot": "husband_father",
          },
          {
            "role": "wife",
            "slot": "husband_mother",
          },
          {
            "role": "child",
            "slot": "husband",
          },
        ],
        "type": "parent-child",
      },
      {
        "members": [
          {
            "role": "husband",
            "slot": "wife_father",
          },
          {
            "role": "wife",
            "slot": "wife_mother",
          },
          {
            "role": "child",
            "slot": "wife",
          },
        ],
        "type": "parent-child",
      },
    ],
    "hasDate": true,
    "hasPlace": true,
    "id": "marriage",
    "label": "Marriage",
    "slots": [
      {
        "gender": "M",
        "key": "husband",
        "label": "Husband",
        "multiple": false,
        "participantRole": "principal",
        "required": true,
      },
      {
        "gender": "F",
        "key": "wife",
        "label": "Wife",
        "multiple": false,
        "participantRole": "principal",
        "required": true,
      },
      {
        "gender": "M",
        "key": "husband_father",
        "label": "Husband's Father",
        "multiple": false,
        "required": false,
      },
      {
        "gender": "F",
        "key": "husband_mother",
        "label": "Husband's Mother",
        "multiple": false,
        "required": false,
      },
      {
        "gender": "M",
        "key": "wife_father",
        "label": "Wife's Father",
        "multiple": false,
        "required": false,
      },
      {
        "gender": "F",
        "key": "wife_mother",
        "label": "Wife's Mother",
        "multiple": false,
        "required": false,
      },
      {
        "key": "witness",
        "label": "Witness",
        "multiple": true,
        "participantRole": "witness",
        "required": false,
      },
    ],
  },
  {
    "eventTypeTag": "BAPM",
    "families": [
      {
        "members": [
          {
            "role": "husband",
            "slot": "father",
          },
          {
            "role": "wife",
            "slot": "mother",
          },
          {
            "role": "child",
            "slot": "child",
          },
        ],
        "type": "parent-child",
      },
    ],
    "hasDate": true,
    "hasPlace": true,
    "id": "baptism",
    "label": "Baptism",
    "slots": [
      {
        "key": "child",
        "label": "Child",
        "multiple": false,
        "participantRole": "principal",
        "required": true,
      },
      {
        "gender": "M",
        "key": "father",
        "label": "Father",
        "multiple": false,
        "required": false,
      },
      {
        "gender": "F",
        "key": "mother",
        "label": "Mother",
        "multiple": false,
        "required": false,
      },
      {
        "gender": "M",
        "key": "godfather",
        "label": "Godfather",
        "multiple": false,
        "participantRole": "godparent",
        "required": false,
      },
      {
        "gender": "F",
        "key": "godmother",
        "label": "Godmother",
        "multiple": false,
        "participantRole": "godparent",
        "required": false,
      },
    ],
  },
  {
    "eventTypeTag": "BIRT",
    "families": [
      {
        "members": [
          {
            "role": "husband",
            "slot": "father",
          },
          {
            "role": "wife",
            "slot": "mother",
          },
          {
            "role": "child",
            "slot": "child",
          },
        ],
        "type": "parent-child",
      },
    ],
    "hasDate": true,
    "hasPlace": true,
    "id": "birth",
    "label": "Birth",
    "slots": [
      {
        "key": "child",
        "label": "Child",
        "multiple": false,
        "participantRole": "principal",
        "required": true,
      },
      {
        "gender": "M",
        "key": "father",
        "label": "Father",
        "multiple": false,
        "required": false,
      },
      {
        "gender": "F",
        "key": "mother",
        "label": "Mother",
        "multiple": false,
        "required": false,
      },
    ],
  },
  {
    "eventTypeTag": "DEAT",
    "families": [],
    "hasDate": true,
    "hasPlace": true,
    "id": "death",
    "label": "Death",
    "slots": [
      {
        "key": "deceased",
        "label": "Deceased",
        "multiple": false,
        "participantRole": "principal",
        "required": true,
      },
      {
        "key": "informant",
        "label": "Informant",
        "multiple": false,
        "participantRole": "informant",
        "required": false,
      },
    ],
  },
  {
    "eventTypeTag": "BURI",
    "families": [],
    "hasDate": true,
    "hasPlace": true,
    "id": "burial",
    "label": "Burial",
    "slots": [
      {
        "key": "deceased",
        "label": "Deceased",
        "multiple": false,
        "participantRole": "principal",
        "required": true,
      },
    ],
  },
  {
    "eventTypeTag": "CENS",
    "families": [],
    "hasDate": true,
    "hasPlace": true,
    "id": "census",
    "label": "Census",
    "slots": [
      {
        "key": "head",
        "label": "Head of Household",
        "multiple": false,
        "participantRole": "principal",
        "required": true,
      },
      {
        "key": "member",
        "label": "Member",
        "multiple": true,
        "participantRole": "other",
        "required": false,
      },
    ],
  },
  {
    "eventTypeTag": "",
    "families": [],
    "hasDate": true,
    "hasPlace": true,
    "id": "generic",
    "label": "Generic",
    "slots": [],
  },
]
`;
